Archive member included to satisfy reference by file (symbol)

../libopencm3//lib\libopencm3_stm32f4.a(gpio_common_all.o)
                              blink.o (gpio_toggle)
../libopencm3//lib\libopencm3_stm32f4.a(gpio_common_f0234.o)
                              blink.o (gpio_mode_setup)
../libopencm3//lib\libopencm3_stm32f4.a(rcc_common_all.o)
                              blink.o (rcc_periph_clock_enable)
../libopencm3//lib\libopencm3_stm32f4.a(vector.o)
                              (reset_handler)

Discarded input sections

 .text          0x00000000        0x0 blink.o
 .data          0x00000000        0x0 blink.o
 .bss           0x00000000        0x0 blink.o
 .group         0x00000000        0x8 ../libopencm3//lib\libopencm3_stm32f4.a(gpio_common_all.o)
 .group         0x00000000        0x8 ../libopencm3//lib\libopencm3_stm32f4.a(gpio_common_all.o)
 .group         0x00000000        0x8 ../libopencm3//lib\libopencm3_stm32f4.a(gpio_common_all.o)
 .group         0x00000000        0x8 ../libopencm3//lib\libopencm3_stm32f4.a(gpio_common_all.o)
 .group         0x00000000        0x8 ../libopencm3//lib\libopencm3_stm32f4.a(gpio_common_all.o)
 .group         0x00000000        0x8 ../libopencm3//lib\libopencm3_stm32f4.a(gpio_common_all.o)
 .group         0x00000000        0x8 ../libopencm3//lib\libopencm3_stm32f4.a(gpio_common_all.o)
 .group         0x00000000        0x8 ../libopencm3//lib\libopencm3_stm32f4.a(gpio_common_all.o)
 .group         0x00000000        0x8 ../libopencm3//lib\libopencm3_stm32f4.a(gpio_common_all.o)
 .group         0x00000000        0x8 ../libopencm3//lib\libopencm3_stm32f4.a(gpio_common_all.o)
 .group         0x00000000        0x8 ../libopencm3//lib\libopencm3_stm32f4.a(gpio_common_all.o)
 .group         0x00000000        0x8 ../libopencm3//lib\libopencm3_stm32f4.a(gpio_common_all.o)
 .group         0x00000000        0x8 ../libopencm3//lib\libopencm3_stm32f4.a(gpio_common_all.o)
 .group         0x00000000        0x8 ../libopencm3//lib\libopencm3_stm32f4.a(gpio_common_all.o)
 .text          0x00000000        0x0 ../libopencm3//lib\libopencm3_stm32f4.a(gpio_common_all.o)
 .data          0x00000000        0x0 ../libopencm3//lib\libopencm3_stm32f4.a(gpio_common_all.o)
 .bss           0x00000000        0x0 ../libopencm3//lib\libopencm3_stm32f4.a(gpio_common_all.o)
 .text.gpio_set
                0x00000000        0x4 ../libopencm3//lib\libopencm3_stm32f4.a(gpio_common_all.o)
 .text.gpio_clear
                0x00000000        0x6 ../libopencm3//lib\libopencm3_stm32f4.a(gpio_common_all.o)
 .text.gpio_get
                0x00000000        0x6 ../libopencm3//lib\libopencm3_stm32f4.a(gpio_common_all.o)
 .text.gpio_port_read
                0x00000000        0x6 ../libopencm3//lib\libopencm3_stm32f4.a(gpio_common_all.o)
 .text.gpio_port_write
                0x00000000        0x4 ../libopencm3//lib\libopencm3_stm32f4.a(gpio_common_all.o)
 .text.gpio_port_config_lock
                0x00000000       0x10 ../libopencm3//lib\libopencm3_stm32f4.a(gpio_common_all.o)
 .group         0x00000000        0x8 ../libopencm3//lib\libopencm3_stm32f4.a(gpio_common_f0234.o)
 .group         0x00000000        0x8 ../libopencm3//lib\libopencm3_stm32f4.a(gpio_common_f0234.o)
 .group         0x00000000        0x8 ../libopencm3//lib\libopencm3_stm32f4.a(gpio_common_f0234.o)
 .group         0x00000000        0x8 ../libopencm3//lib\libopencm3_stm32f4.a(gpio_common_f0234.o)
 .group         0x00000000        0x8 ../libopencm3//lib\libopencm3_stm32f4.a(gpio_common_f0234.o)
 .group         0x00000000        0x8 ../libopencm3//lib\libopencm3_stm32f4.a(gpio_common_f0234.o)
 .group         0x00000000        0x8 ../libopencm3//lib\libopencm3_stm32f4.a(gpio_common_f0234.o)
 .group         0x00000000        0x8 ../libopencm3//lib\libopencm3_stm32f4.a(gpio_common_f0234.o)
 .group         0x00000000        0x8 ../libopencm3//lib\libopencm3_stm32f4.a(gpio_common_f0234.o)
 .group         0x00000000        0x8 ../libopencm3//lib\libopencm3_stm32f4.a(gpio_common_f0234.o)
 .group         0x00000000        0x8 ../libopencm3//lib\libopencm3_stm32f4.a(gpio_common_f0234.o)
 .group         0x00000000        0x8 ../libopencm3//lib\libopencm3_stm32f4.a(gpio_common_f0234.o)
 .group         0x00000000        0x8 ../libopencm3//lib\libopencm3_stm32f4.a(gpio_common_f0234.o)
 .group         0x00000000        0x8 ../libopencm3//lib\libopencm3_stm32f4.a(gpio_common_f0234.o)
 .text          0x00000000        0x0 ../libopencm3//lib\libopencm3_stm32f4.a(gpio_common_f0234.o)
 .data          0x00000000        0x0 ../libopencm3//lib\libopencm3_stm32f4.a(gpio_common_f0234.o)
 .bss           0x00000000        0x0 ../libopencm3//lib\libopencm3_stm32f4.a(gpio_common_f0234.o)
 .text.gpio_set_output_options
                0x00000000       0x36 ../libopencm3//lib\libopencm3_stm32f4.a(gpio_common_f0234.o)
 .text.gpio_set_af
                0x00000000       0x58 ../libopencm3//lib\libopencm3_stm32f4.a(gpio_common_f0234.o)
 .debug_macro   0x00000000      0x88c ../libopencm3//lib\libopencm3_stm32f4.a(gpio_common_f0234.o)
 .debug_macro   0x00000000       0x22 ../libopencm3//lib\libopencm3_stm32f4.a(gpio_common_f0234.o)
 .debug_macro   0x00000000       0x87 ../libopencm3//lib\libopencm3_stm32f4.a(gpio_common_f0234.o)
 .debug_macro   0x00000000       0x44 ../libopencm3//lib\libopencm3_stm32f4.a(gpio_common_f0234.o)
 .debug_macro   0x00000000       0xfd ../libopencm3//lib\libopencm3_stm32f4.a(gpio_common_f0234.o)
 .debug_macro   0x00000000       0x22 ../libopencm3//lib\libopencm3_stm32f4.a(gpio_common_f0234.o)
 .debug_macro   0x00000000      0x1df ../libopencm3//lib\libopencm3_stm32f4.a(gpio_common_f0234.o)
 .debug_macro   0x00000000       0x22 ../libopencm3//lib\libopencm3_stm32f4.a(gpio_common_f0234.o)
 .debug_macro   0x00000000       0xfa ../libopencm3//lib\libopencm3_stm32f4.a(gpio_common_f0234.o)
 .debug_macro   0x00000000       0x58 ../libopencm3//lib\libopencm3_stm32f4.a(gpio_common_f0234.o)
 .debug_macro   0x00000000      0x26d ../libopencm3//lib\libopencm3_stm32f4.a(gpio_common_f0234.o)
 .debug_macro   0x00000000       0x76 ../libopencm3//lib\libopencm3_stm32f4.a(gpio_common_f0234.o)
 .debug_macro   0x00000000      0x2e6 ../libopencm3//lib\libopencm3_stm32f4.a(gpio_common_f0234.o)
 .debug_macro   0x00000000      0x14e ../libopencm3//lib\libopencm3_stm32f4.a(gpio_common_f0234.o)
 .group         0x00000000        0x8 ../libopencm3//lib\libopencm3_stm32f4.a(rcc_common_all.o)
 .group         0x00000000        0x8 ../libopencm3//lib\libopencm3_stm32f4.a(rcc_common_all.o)
 .group         0x00000000        0x8 ../libopencm3//lib\libopencm3_stm32f4.a(rcc_common_all.o)
 .group         0x00000000        0x8 ../libopencm3//lib\libopencm3_stm32f4.a(rcc_common_all.o)
 .group         0x00000000        0x8 ../libopencm3//lib\libopencm3_stm32f4.a(rcc_common_all.o)
 .group         0x00000000        0x8 ../libopencm3//lib\libopencm3_stm32f4.a(rcc_common_all.o)
 .group         0x00000000        0x8 ../libopencm3//lib\libopencm3_stm32f4.a(rcc_common_all.o)
 .group         0x00000000        0x8 ../libopencm3//lib\libopencm3_stm32f4.a(rcc_common_all.o)
 .group         0x00000000        0x8 ../libopencm3//lib\libopencm3_stm32f4.a(rcc_common_all.o)
 .group         0x00000000        0x8 ../libopencm3//lib\libopencm3_stm32f4.a(rcc_common_all.o)
 .group         0x00000000        0x8 ../libopencm3//lib\libopencm3_stm32f4.a(rcc_common_all.o)
 .group         0x00000000        0x8 ../libopencm3//lib\libopencm3_stm32f4.a(rcc_common_all.o)
 .text          0x00000000        0x0 ../libopencm3//lib\libopencm3_stm32f4.a(rcc_common_all.o)
 .data          0x00000000        0x0 ../libopencm3//lib\libopencm3_stm32f4.a(rcc_common_all.o)
 .bss           0x00000000        0x0 ../libopencm3//lib\libopencm3_stm32f4.a(rcc_common_all.o)
 .text.rcc_peripheral_enable_clock
                0x00000000        0x8 ../libopencm3//lib\libopencm3_stm32f4.a(rcc_common_all.o)
 .text.rcc_peripheral_disable_clock
                0x00000000        0xa ../libopencm3//lib\libopencm3_stm32f4.a(rcc_common_all.o)
 .text.rcc_peripheral_reset
                0x00000000        0x8 ../libopencm3//lib\libopencm3_stm32f4.a(rcc_common_all.o)
 .text.rcc_peripheral_clear_reset
                0x00000000        0xa ../libopencm3//lib\libopencm3_stm32f4.a(rcc_common_all.o)
 .text.rcc_periph_clock_disable
                0x00000000       0x1e ../libopencm3//lib\libopencm3_stm32f4.a(rcc_common_all.o)
 .text.rcc_periph_reset_pulse
                0x00000000       0x26 ../libopencm3//lib\libopencm3_stm32f4.a(rcc_common_all.o)
 .text.rcc_periph_reset_hold
                0x00000000       0x1c ../libopencm3//lib\libopencm3_stm32f4.a(rcc_common_all.o)
 .text.rcc_periph_reset_release
                0x00000000       0x1e ../libopencm3//lib\libopencm3_stm32f4.a(rcc_common_all.o)
 .text.rcc_set_mco
                0x00000000       0x14 ../libopencm3//lib\libopencm3_stm32f4.a(rcc_common_all.o)
 .debug_macro   0x00000000      0x88c ../libopencm3//lib\libopencm3_stm32f4.a(rcc_common_all.o)
 .debug_macro   0x00000000       0x22 ../libopencm3//lib\libopencm3_stm32f4.a(rcc_common_all.o)
 .debug_macro   0x00000000       0x87 ../libopencm3//lib\libopencm3_stm32f4.a(rcc_common_all.o)
 .debug_macro   0x00000000       0x44 ../libopencm3//lib\libopencm3_stm32f4.a(rcc_common_all.o)
 .debug_macro   0x00000000       0xfd ../libopencm3//lib\libopencm3_stm32f4.a(rcc_common_all.o)
 .debug_macro   0x00000000       0x22 ../libopencm3//lib\libopencm3_stm32f4.a(rcc_common_all.o)
 .debug_macro   0x00000000      0x1df ../libopencm3//lib\libopencm3_stm32f4.a(rcc_common_all.o)
 .debug_macro   0x00000000       0x22 ../libopencm3//lib\libopencm3_stm32f4.a(rcc_common_all.o)
 .debug_macro   0x00000000       0xfa ../libopencm3//lib\libopencm3_stm32f4.a(rcc_common_all.o)
 .debug_macro   0x00000000       0x58 ../libopencm3//lib\libopencm3_stm32f4.a(rcc_common_all.o)
 .debug_macro   0x00000000      0x26d ../libopencm3//lib\libopencm3_stm32f4.a(rcc_common_all.o)
 .group         0x00000000        0x8 ../libopencm3//lib\libopencm3_stm32f4.a(vector.o)
 .group         0x00000000        0x8 ../libopencm3//lib\libopencm3_stm32f4.a(vector.o)
 .group         0x00000000        0x8 ../libopencm3//lib\libopencm3_stm32f4.a(vector.o)
 .group         0x00000000        0x8 ../libopencm3//lib\libopencm3_stm32f4.a(vector.o)
 .group         0x00000000        0x8 ../libopencm3//lib\libopencm3_stm32f4.a(vector.o)
 .group         0x00000000        0x8 ../libopencm3//lib\libopencm3_stm32f4.a(vector.o)
 .group         0x00000000        0x8 ../libopencm3//lib\libopencm3_stm32f4.a(vector.o)
 .group         0x00000000        0x8 ../libopencm3//lib\libopencm3_stm32f4.a(vector.o)
 .group         0x00000000        0x8 ../libopencm3//lib\libopencm3_stm32f4.a(vector.o)
 .group         0x00000000        0x8 ../libopencm3//lib\libopencm3_stm32f4.a(vector.o)
 .group         0x00000000        0x8 ../libopencm3//lib\libopencm3_stm32f4.a(vector.o)
 .group         0x00000000        0x8 ../libopencm3//lib\libopencm3_stm32f4.a(vector.o)
 .group         0x00000000        0x8 ../libopencm3//lib\libopencm3_stm32f4.a(vector.o)
 .text          0x00000000        0x0 ../libopencm3//lib\libopencm3_stm32f4.a(vector.o)
 .data          0x00000000        0x0 ../libopencm3//lib\libopencm3_stm32f4.a(vector.o)
 .bss           0x00000000        0x0 ../libopencm3//lib\libopencm3_stm32f4.a(vector.o)
 .debug_macro   0x00000000      0x88c ../libopencm3//lib\libopencm3_stm32f4.a(vector.o)
 .debug_macro   0x00000000       0x58 ../libopencm3//lib\libopencm3_stm32f4.a(vector.o)
 .debug_macro   0x00000000       0x22 ../libopencm3//lib\libopencm3_stm32f4.a(vector.o)
 .debug_macro   0x00000000       0x87 ../libopencm3//lib\libopencm3_stm32f4.a(vector.o)
 .debug_macro   0x00000000       0x44 ../libopencm3//lib\libopencm3_stm32f4.a(vector.o)
 .debug_macro   0x00000000       0xfd ../libopencm3//lib\libopencm3_stm32f4.a(vector.o)
 .debug_macro   0x00000000       0x22 ../libopencm3//lib\libopencm3_stm32f4.a(vector.o)
 .debug_macro   0x00000000      0x1df ../libopencm3//lib\libopencm3_stm32f4.a(vector.o)
 .debug_macro   0x00000000       0x22 ../libopencm3//lib\libopencm3_stm32f4.a(vector.o)
 .debug_macro   0x00000000       0xfa ../libopencm3//lib\libopencm3_stm32f4.a(vector.o)

Memory Configuration

Name             Origin             Length             Attributes
rom              0x08000000         0x00100000         xr
ram              0x20000000         0x00020000         xrw
*default*        0x00000000         0xffffffff

Linker script and memory map

LOAD blink.o
LOAD ../libopencm3//lib\libopencm3_stm32f4.a
START GROUP
LOAD f:/program files/gcc-arm-none-eabi/bin/../lib/gcc/arm-none-eabi/5.3.1/../../../../arm-none-eabi/lib/armv7e-m/fpu\libc.a
LOAD f:/program files/gcc-arm-none-eabi/bin/../lib/gcc/arm-none-eabi/5.3.1/armv7e-m/fpu\libgcc.a
LOAD f:/program files/gcc-arm-none-eabi/bin/../lib/gcc/arm-none-eabi/5.3.1/../../../../arm-none-eabi/lib/armv7e-m/fpu\libnosys.a
END GROUP
START GROUP
LOAD f:/program files/gcc-arm-none-eabi/bin/../lib/gcc/arm-none-eabi/5.3.1/armv7e-m/fpu\libgcc.a
LOAD f:/program files/gcc-arm-none-eabi/bin/../lib/gcc/arm-none-eabi/5.3.1/../../../../arm-none-eabi/lib/armv7e-m/fpu\libc.a
END GROUP

.text           0x08000000      0x2ec
 *(.vectors)
 .vectors       0x08000000      0x1ac ../libopencm3//lib\libopencm3_stm32f4.a(vector.o)
                0x08000000                vector_table
 *(.text*)
 .text.startup.main
                0x080001ac       0x30 blink.o
                0x080001ac                main
 .text.gpio_toggle
                0x080001dc       0x12 ../libopencm3//lib\libopencm3_stm32f4.a(gpio_common_all.o)
                0x080001dc                gpio_toggle
 .text.gpio_mode_setup
                0x080001ee       0x44 ../libopencm3//lib\libopencm3_stm32f4.a(gpio_common_f0234.o)
                0x080001ee                gpio_mode_setup
 .text.rcc_periph_clock_enable
                0x08000232       0x1c ../libopencm3//lib\libopencm3_stm32f4.a(rcc_common_all.o)
                0x08000232                rcc_periph_clock_enable
 .text.blocking_handler
                0x0800024e        0x2 ../libopencm3//lib\libopencm3_stm32f4.a(vector.o)
                0x0800024e                dma2_stream1_isr
                0x0800024e                tim8_brk_tim12_isr
                0x0800024e                dma1_stream7_isr
                0x0800024e                usart3_isr
                0x0800024e                tim7_isr
                0x0800024e                dma2d_isr
                0x0800024e                uart8_isr
                0x0800024e                dma1_stream2_isr
                0x0800024e                otg_hs_isr
                0x0800024e                blocking_handler
                0x0800024e                tim5_isr
                0x0800024e                rtc_wkup_isr
                0x0800024e                otg_fs_isr
                0x0800024e                spi1_isr
                0x0800024e                i2c3_er_isr
                0x0800024e                exti2_isr
                0x0800024e                spi5_isr
                0x0800024e                usb_fs_wkup_isr
                0x0800024e                tamp_stamp_isr
                0x0800024e                can1_rx1_isr
                0x0800024e                dma2_stream0_isr
                0x0800024e                usart1_isr
                0x0800024e                i2c3_ev_isr
                0x0800024e                usage_fault_handler
                0x0800024e                can2_rx0_isr
                0x0800024e                dma1_stream6_isr
                0x0800024e                can2_rx1_isr
                0x0800024e                can1_sce_isr
                0x0800024e                tim1_cc_isr
                0x0800024e                can1_tx_isr
                0x0800024e                tim1_up_tim10_isr
                0x0800024e                sdio_isr
                0x0800024e                eth_isr
                0x0800024e                spi6_isr
                0x0800024e                dma2_stream5_isr
                0x0800024e                pvd_isr
                0x0800024e                can1_rx0_isr
                0x0800024e                rcc_isr
                0x0800024e                dma2_stream3_isr
                0x0800024e                flash_isr
                0x0800024e                uart4_isr
                0x0800024e                lcd_tft_isr
                0x0800024e                rtc_alarm_isr
                0x0800024e                exti15_10_isr
                0x0800024e                hash_rng_isr
                0x0800024e                tim1_trg_com_tim11_isr
                0x0800024e                hard_fault_handler
                0x0800024e                exti1_isr
                0x0800024e                i2c1_ev_isr
                0x0800024e                usart6_isr
                0x0800024e                spi2_isr
                0x0800024e                cryp_isr
                0x0800024e                nvic_wwdg_isr
                0x0800024e                dma1_stream1_isr
                0x0800024e                dma2_stream4_isr
                0x0800024e                exti3_isr
                0x0800024e                tim3_isr
                0x0800024e                usart2_isr
                0x0800024e                sai1_isr
                0x0800024e                fpu_isr
                0x0800024e                dma1_stream4_isr
                0x0800024e                i2c2_er_isr
                0x0800024e                i2c2_ev_isr
                0x0800024e                uart5_isr
                0x0800024e                dma2_stream6_isr
                0x0800024e                spi4_isr
                0x0800024e                adc_isr
                0x0800024e                dma2_stream7_isr
                0x0800024e                tim8_up_tim13_isr
                0x0800024e                fsmc_isr
                0x0800024e                exti4_isr
                0x0800024e                tim6_dac_isr
                0x0800024e                dma1_stream3_isr
                0x0800024e                tim8_trg_com_tim14_isr
                0x0800024e                mem_manage_handler
                0x0800024e                lcd_tft_err_isr
                0x0800024e                can2_tx_isr
                0x0800024e                exti9_5_isr
                0x0800024e                tim1_brk_tim9_isr
                0x0800024e                uart7_isr
                0x0800024e                can2_sce_isr
                0x0800024e                tim4_isr
                0x0800024e                otg_hs_wkup_isr
                0x0800024e                i2c1_er_isr
                0x0800024e                dma1_stream0_isr
                0x0800024e                tim8_cc_isr
                0x0800024e                dcmi_isr
                0x0800024e                dma2_stream2_isr
                0x0800024e                eth_wkup_isr
                0x0800024e                bus_fault_handler
                0x0800024e                otg_hs_ep1_out_isr
                0x0800024e                spi3_isr
                0x0800024e                dma1_stream5_isr
                0x0800024e                otg_hs_ep1_in_isr
                0x0800024e                tim2_isr
                0x0800024e                exti0_isr
 .text.null_handler
                0x08000250        0x2 ../libopencm3//lib\libopencm3_stm32f4.a(vector.o)
                0x08000250                sv_call_handler
                0x08000250                pend_sv_handler
                0x08000250                debug_monitor_handler
                0x08000250                sys_tick_handler
                0x08000250                nmi_handler
                0x08000250                null_handler
 *fill*         0x08000252        0x2 
 .text.reset_handler
                0x08000254       0x98 ../libopencm3//lib\libopencm3_stm32f4.a(vector.o)
                0x08000254                reset_handler
                0x080002ec                . = ALIGN (0x4)
 *(.rodata*)
                0x080002ec                . = ALIGN (0x4)

.glue_7         0x080002ec        0x0
 .glue_7        0x080002ec        0x0 linker stubs

.glue_7t        0x080002ec        0x0
 .glue_7t       0x080002ec        0x0 linker stubs

.vfp11_veneer   0x080002ec        0x0
 .vfp11_veneer  0x080002ec        0x0 linker stubs

.v4_bx          0x080002ec        0x0
 .v4_bx         0x080002ec        0x0 linker stubs

.iplt           0x080002ec        0x0
 .iplt          0x080002ec        0x0 blink.o

.rel.dyn        0x080002ec        0x0
 .rel.iplt      0x080002ec        0x0 blink.o

.preinit_array  0x080002ec        0x0
                0x080002ec                . = ALIGN (0x4)
                0x080002ec                __preinit_array_start = .
 *(.preinit_array)
                0x080002ec                __preinit_array_end = .

.init_array     0x080002ec        0x0
                0x080002ec                . = ALIGN (0x4)
                0x080002ec                __init_array_start = .
 *(SORT(.init_array.*))
 *(.init_array)
                0x080002ec                __init_array_end = .

.fini_array     0x080002ec        0x0
                0x080002ec                . = ALIGN (0x4)
                0x080002ec                __fini_array_start = .
 *(.fini_array)
 *(SORT(.fini_array.*))
                0x080002ec                __fini_array_end = .

.ARM.extab
 *(.ARM.extab*)

.ARM.exidx      0x080002ec        0x0
                0x080002ec                __exidx_start = .
 *(.ARM.exidx*)
                0x080002ec                __exidx_end = .
                0x080002ec                . = ALIGN (0x4)
                0x080002ec                _etext = .

.data           0x20000000        0x0 load address 0x080002ec
                0x20000000                _data = .
 *(.data*)
                0x20000000                . = ALIGN (0x4)
                0x20000000                _edata = .
                0x080002ec                _data_loadaddr = LOADADDR (.data)

.igot.plt       0x20000000        0x0 load address 0x080002ec
 .igot.plt      0x20000000        0x0 blink.o

.bss            0x20000000        0x0 load address 0x080002ec
 *(.bss*)
 *(COMMON)
                0x20000000                . = ALIGN (0x4)
                0x20000000                _ebss = .

/DISCARD/
 *(.eh_frame)
                0x20000000                . = ALIGN (0x4)
                0x20000000                end = .
                0x20020000                PROVIDE (_stack, (ORIGIN (ram) + LENGTH (ram)))
OUTPUT(blink.elf elf32-littlearm)

.debug_info     0x00000000     0x1460
 .debug_info    0x00000000      0x56a blink.o
 .debug_info    0x0000056a      0x22c ../libopencm3//lib\libopencm3_stm32f4.a(gpio_common_all.o)
 .debug_info    0x00000796      0x1eb ../libopencm3//lib\libopencm3_stm32f4.a(gpio_common_f0234.o)
 .debug_info    0x00000981      0x828 ../libopencm3//lib\libopencm3_stm32f4.a(rcc_common_all.o)
 .debug_info    0x000011a9      0x2b7 ../libopencm3//lib\libopencm3_stm32f4.a(vector.o)

.debug_abbrev   0x00000000      0x4f7
 .debug_abbrev  0x00000000       0xd8 blink.o
 .debug_abbrev  0x000000d8      0x10e ../libopencm3//lib\libopencm3_stm32f4.a(gpio_common_all.o)
 .debug_abbrev  0x000001e6       0xb7 ../libopencm3//lib\libopencm3_stm32f4.a(gpio_common_f0234.o)
 .debug_abbrev  0x0000029d      0x105 ../libopencm3//lib\libopencm3_stm32f4.a(rcc_common_all.o)
 .debug_abbrev  0x000003a2      0x155 ../libopencm3//lib\libopencm3_stm32f4.a(vector.o)

.debug_loc      0x00000000      0x3a8
 .debug_loc     0x00000000       0x4d blink.o
 .debug_loc     0x0000004d       0x97 ../libopencm3//lib\libopencm3_stm32f4.a(gpio_common_all.o)
 .debug_loc     0x000000e4       0xdd ../libopencm3//lib\libopencm3_stm32f4.a(gpio_common_f0234.o)
 .debug_loc     0x000001c1      0x108 ../libopencm3//lib\libopencm3_stm32f4.a(rcc_common_all.o)
 .debug_loc     0x000002c9       0xdf ../libopencm3//lib\libopencm3_stm32f4.a(vector.o)

.debug_aranges  0x00000000      0x128
 .debug_aranges
                0x00000000       0x20 blink.o
 .debug_aranges
                0x00000020       0x50 ../libopencm3//lib\libopencm3_stm32f4.a(gpio_common_all.o)
 .debug_aranges
                0x00000070       0x30 ../libopencm3//lib\libopencm3_stm32f4.a(gpio_common_f0234.o)
 .debug_aranges
                0x000000a0       0x58 ../libopencm3//lib\libopencm3_stm32f4.a(rcc_common_all.o)
 .debug_aranges
                0x000000f8       0x30 ../libopencm3//lib\libopencm3_stm32f4.a(vector.o)

.debug_ranges   0x00000000       0xd8
 .debug_ranges  0x00000000       0x10 blink.o
 .debug_ranges  0x00000010       0x40 ../libopencm3//lib\libopencm3_stm32f4.a(gpio_common_all.o)
 .debug_ranges  0x00000050       0x20 ../libopencm3//lib\libopencm3_stm32f4.a(gpio_common_f0234.o)
 .debug_ranges  0x00000070       0x48 ../libopencm3//lib\libopencm3_stm32f4.a(rcc_common_all.o)
 .debug_ranges  0x000000b8       0x20 ../libopencm3//lib\libopencm3_stm32f4.a(vector.o)

.debug_line     0x00000000      0xdee
 .debug_line    0x00000000       0xea blink.o
 .debug_line    0x000000ea      0x34d ../libopencm3//lib\libopencm3_stm32f4.a(gpio_common_all.o)
 .debug_line    0x00000437      0x33f ../libopencm3//lib\libopencm3_stm32f4.a(gpio_common_f0234.o)
 .debug_line    0x00000776      0x327 ../libopencm3//lib\libopencm3_stm32f4.a(rcc_common_all.o)
 .debug_line    0x00000a9d      0x351 ../libopencm3//lib\libopencm3_stm32f4.a(vector.o)

.debug_str      0x00000000     0xc0cd
 .debug_str     0x00000000      0x72b blink.o
                                0x7b4 (size before relaxing)
 .debug_str     0x0000072b     0x5ace ../libopencm3//lib\libopencm3_stm32f4.a(gpio_common_all.o)
                               0x5c51 (size before relaxing)
 .debug_str     0x000061f9       0x94 ../libopencm3//lib\libopencm3_stm32f4.a(gpio_common_f0234.o)
                               0x5c73 (size before relaxing)
 .debug_str     0x0000628d     0x33ec ../libopencm3//lib\libopencm3_stm32f4.a(rcc_common_all.o)
                               0x8218 (size before relaxing)
 .debug_str     0x00009679     0x2a54 ../libopencm3//lib\libopencm3_stm32f4.a(vector.o)
                               0x62bd (size before relaxing)

.comment        0x00000000       0x6e
 .comment       0x00000000       0x6e blink.o
                                 0x6f (size before relaxing)
 .comment       0x0000006e       0x6f ../libopencm3//lib\libopencm3_stm32f4.a(gpio_common_all.o)
 .comment       0x0000006e       0x6f ../libopencm3//lib\libopencm3_stm32f4.a(gpio_common_f0234.o)
 .comment       0x0000006e       0x6f ../libopencm3//lib\libopencm3_stm32f4.a(rcc_common_all.o)
 .comment       0x0000006e       0x6f ../libopencm3//lib\libopencm3_stm32f4.a(vector.o)

.ARM.attributes
                0x00000000       0x39
 .ARM.attributes
                0x00000000       0x39 blink.o
 .ARM.attributes
                0x00000039       0x39 ../libopencm3//lib\libopencm3_stm32f4.a(gpio_common_all.o)
 .ARM.attributes
                0x00000072       0x39 ../libopencm3//lib\libopencm3_stm32f4.a(gpio_common_f0234.o)
 .ARM.attributes
                0x000000ab       0x39 ../libopencm3//lib\libopencm3_stm32f4.a(rcc_common_all.o)
 .ARM.attributes
                0x000000e4       0x39 ../libopencm3//lib\libopencm3_stm32f4.a(vector.o)

.debug_frame    0x00000000      0x208
 .debug_frame   0x00000000       0x28 blink.o
 .debug_frame   0x00000028       0x80 ../libopencm3//lib\libopencm3_stm32f4.a(gpio_common_all.o)
 .debug_frame   0x000000a8       0x70 ../libopencm3//lib\libopencm3_stm32f4.a(gpio_common_f0234.o)
 .debug_frame   0x00000118       0xb0 ../libopencm3//lib\libopencm3_stm32f4.a(rcc_common_all.o)
 .debug_frame   0x000001c8       0x40 ../libopencm3//lib\libopencm3_stm32f4.a(vector.o)

.debug_macro    0x00000000     0x29b8
 .debug_macro   0x00000000       0xd2 ../libopencm3//lib\libopencm3_stm32f4.a(gpio_common_all.o)
 .debug_macro   0x000000d2      0x88c ../libopencm3//lib\libopencm3_stm32f4.a(gpio_common_all.o)
 .debug_macro   0x0000095e       0x22 ../libopencm3//lib\libopencm3_stm32f4.a(gpio_common_all.o)
 .debug_macro   0x00000980       0x87 ../libopencm3//lib\libopencm3_stm32f4.a(gpio_common_all.o)
 .debug_macro   0x00000a07       0x44 ../libopencm3//lib\libopencm3_stm32f4.a(gpio_common_all.o)
 .debug_macro   0x00000a4b       0xfd ../libopencm3//lib\libopencm3_stm32f4.a(gpio_common_all.o)
 .debug_macro   0x00000b48       0x22 ../libopencm3//lib\libopencm3_stm32f4.a(gpio_common_all.o)
 .debug_macro   0x00000b6a      0x1df ../libopencm3//lib\libopencm3_stm32f4.a(gpio_common_all.o)
 .debug_macro   0x00000d49       0x22 ../libopencm3//lib\libopencm3_stm32f4.a(gpio_common_all.o)
 .debug_macro   0x00000d6b       0xfa ../libopencm3//lib\libopencm3_stm32f4.a(gpio_common_all.o)
 .debug_macro   0x00000e65       0x58 ../libopencm3//lib\libopencm3_stm32f4.a(gpio_common_all.o)
 .debug_macro   0x00000ebd      0x26d ../libopencm3//lib\libopencm3_stm32f4.a(gpio_common_all.o)
 .debug_macro   0x0000112a       0x76 ../libopencm3//lib\libopencm3_stm32f4.a(gpio_common_all.o)
 .debug_macro   0x000011a0      0x2e6 ../libopencm3//lib\libopencm3_stm32f4.a(gpio_common_all.o)
 .debug_macro   0x00001486      0x14e ../libopencm3//lib\libopencm3_stm32f4.a(gpio_common_all.o)
 .debug_macro   0x000015d4       0xd2 ../libopencm3//lib\libopencm3_stm32f4.a(gpio_common_f0234.o)
 .debug_macro   0x000016a6       0xcf ../libopencm3//lib\libopencm3_stm32f4.a(rcc_common_all.o)
 .debug_macro   0x00001775      0xb38 ../libopencm3//lib\libopencm3_stm32f4.a(rcc_common_all.o)
 .debug_macro   0x000022ad       0xd4 ../libopencm3//lib\libopencm3_stm32f4.a(vector.o)
 .debug_macro   0x00002381      0x3a1 ../libopencm3//lib\libopencm3_stm32f4.a(vector.o)
 .debug_macro   0x00002722       0x6a ../libopencm3//lib\libopencm3_stm32f4.a(vector.o)
 .debug_macro   0x0000278c      0x22c ../libopencm3//lib\libopencm3_stm32f4.a(vector.o)
